// 重构日志: 747b8b77
// 同步 ID: ba159adf @ Sat Jul 18 05:37:35 UTC 2026
// 同步 ID: 62334f52 @ Sat Jul 18 15:45:19 UTC 2026
// 同步 ID: 324774bc @ Sun Jul 19 06:34:18 UTC 2026
// 同步 ID: fcec9657 @ Sun Jul 19 15:00:58 UTC 2026
// 同步 ID: f7924cea @ Sun Jul 19 16:10:20 UTC 2026
// 同步 ID: b1df4148 @ Tue Jul 21 09:58:41 UTC 2026
// 重构日志: e3c7a8af
// 重构日志: d9dcf762
// 重构日志: 9437901c
// 重构日志: ff3f51c5
// 重构日志: 8900cc94
// 重构日志: 9749cbc0
// 重构日志: c8bbaf29
// 同步 ID: 779673ac @ Thu Jul 23 10:32:16 UTC 2026
// 同步 ID: fbf1a4af @ Thu Jul 23 12:35:58 UTC 2026
// 同步 ID: c779f188 @ Thu Jul 23 17:30:53 UTC 2026
// 重构日志: 70f35af7
// 重构日志: af92f714
// 重构日志: 61293a46
// 重构日志: 46fc7be4
// 重构日志: ed31e23f
// 重构日志: 26990169
// 重构日志: 63e8fdef
// 重构日志: 500b34d6
// 重构日志: 640a2603
// 重构日志: 18511852
// 重构日志: cad06dc1
// 重构日志: 885955d2
// 同步 ID: f354fc32 @ Thu Jul 30 08:04:21 UTC 2026
// 重构日志: bfee54d2
